1: SET ROLE TO r1;
SET

0: ALTER ROLE r1 RESOURCE GROUP none;
ALTER
0: DROP RESOURCE GROUP g1;
DROP

2: SET ROLE TO r2;
SET

0: ALTER ROLE r2 RESOURCE GROUP none;
ALTER
0: DROP RESOURCE GROUP g2;
DROP

! ls -d /sys/fs/cgroup/cpu/gpdb/*/;
/sys/fs/cgroup/cpu/gpdb/6437/
/sys/fs/cgroup/cpu/gpdb/6438/

! ls -d /sys/fs/cgroup/cpuacct/gpdb/*/;
/sys/fs/cgroup/cpuacct/gpdb/6437/
/sys/fs/cgroup/cpuacct/gpdb/6438/

