-- start_ignore
DROP RESOURCE GROUP rg_callback_test;
ERROR:  resource group "rg_callback_test" does not exist
-- end_ignore

-- process callbacks on ABORT
BEGIN;
BEGIN
CREATE RESOURCE GROUP rg_callback_test WITH (concurrency=10, cpu_rate_limit=0.1, memory_limit=0.1);
CREATE
ALTER RESOURCE GROUP rg_callback_test SET concurrency 20;
ALTER
DROP RESOURCE GROUP rg_callback_test;
DROP
ABORT;
ABORT

-- process callbacks on COMMIT
BEGIN;
BEGIN
CREATE RESOURCE GROUP rg_callback_test WITH (concurrency=10, cpu_rate_limit=0.1, memory_limit=0.1);
CREATE
ALTER RESOURCE GROUP rg_callback_test SET concurrency 20;
ALTER
DROP RESOURCE GROUP rg_callback_test;
DROP
COMMIT;
COMMIT

-- process callbacks on ABORT after CREATE
CREATE RESOURCE GROUP rg_callback_test WITH (concurrency=10, cpu_rate_limit=0.1, memory_limit=0.1);
CREATE
BEGIN;
BEGIN
ALTER RESOURCE GROUP rg_callback_test SET concurrency 20;
ALTER
DROP RESOURCE GROUP rg_callback_test;
DROP
ABORT;
ABORT

-- process callbacks on COMMIT after CREATE
BEGIN;
BEGIN
ALTER RESOURCE GROUP rg_callback_test SET concurrency 20;
ALTER
DROP RESOURCE GROUP rg_callback_test;
DROP
COMMIT;
COMMIT

-- process callbacks on ABORT without DROP
BEGIN;
BEGIN
CREATE RESOURCE GROUP rg_callback_test WITH (concurrency=10, cpu_rate_limit=0.1, memory_limit=0.1);
CREATE
ALTER RESOURCE GROUP rg_callback_test SET concurrency 20;
ALTER
ABORT;
ABORT

-- process callbacks on COMMIT without DROP
BEGIN;
BEGIN
CREATE RESOURCE GROUP rg_callback_test WITH (concurrency=10, cpu_rate_limit=0.1, memory_limit=0.1);
CREATE
ALTER RESOURCE GROUP rg_callback_test SET concurrency 20;
ALTER
COMMIT;
COMMIT

DROP RESOURCE GROUP rg_callback_test;
DROP
